Traceback (most recent call last):
  File "/home/panxopanza/miniconda3/lib/python3.11/site-packages/jupyter_cache/executors/utils.py", line 58, in single_nb_execution
    executenb(
  File "/home/panxopanza/miniconda3/lib/python3.11/site-packages/nbclient/client.py", line 1204, in execute
    return NotebookClient(nb=nb, resources=resources, km=km, **kwargs).execute()
           ^^^^^^^^^^^^^^^^^^^^^^^^^^^^^^^^^^^^^^^^^^^^^^^^^^^^^^^^^^^^^^^^^^^^^
  File "/home/panxopanza/miniconda3/lib/python3.11/site-packages/nbclient/util.py", line 84, in wrapped
    return just_run(coro(*args, **kwargs))
           ^^^^^^^^^^^^^^^^^^^^^^^^^^^^^^^
  File "/home/panxopanza/miniconda3/lib/python3.11/site-packages/nbclient/util.py", line 62, in just_run
    return loop.run_until_complete(coro)
           ^^^^^^^^^^^^^^^^^^^^^^^^^^^^^
  File "/home/panxopanza/miniconda3/lib/python3.11/asyncio/base_events.py", line 653, in run_until_complete
    return future.result()
           ^^^^^^^^^^^^^^^
  File "/home/panxopanza/miniconda3/lib/python3.11/site-packages/nbclient/client.py", line 663, in async_execute
    await self.async_execute_cell(
  File "/home/panxopanza/miniconda3/lib/python3.11/site-packages/nbclient/client.py", line 965, in async_execute_cell
    await self._check_raise_for_error(cell, cell_index, exec_reply)
  File "/home/panxopanza/miniconda3/lib/python3.11/site-packages/nbclient/client.py", line 862, in _check_raise_for_error
    raise CellExecutionError.from_cell_and_msg(cell, exec_reply_content)
nbclient.exceptions.CellExecutionError: An error occurred while executing the following cell:
------------------
from meteostat import Hourly

# Creamos un objeto con las condiciones climáticas
meteo_data = Hourly(loc      = loc_meteo,   # localización
                    start    = start_date,  # inicio
                    end      = end_date,    # término
                    timezone = tz_uai)      # zona horaria

# convertimos a dataframe
meteo_data = meteo_data.fetch() 
------------------

[0;31m---------------------------------------------------------------------------[0m
[0;31mgaierror[0m                                  Traceback (most recent call last)
File [0;32m~/miniconda3/lib/python3.11/urllib/request.py:1348[0m, in [0;36mAbstractHTTPHandler.do_open[0;34m(self, http_class, req, **http_conn_args)[0m
[1;32m   1347[0m [38;5;28;01mtry[39;00m:
[0;32m-> 1348[0m     h[38;5;241m.[39mrequest(req[38;5;241m.[39mget_method(), req[38;5;241m.[39mselector, req[38;5;241m.[39mdata, headers,
[1;32m   1349[0m               encode_chunked[38;5;241m=[39mreq[38;5;241m.[39mhas_header([38;5;124m'[39m[38;5;124mTransfer-encoding[39m[38;5;124m'[39m))
[1;32m   1350[0m [38;5;28;01mexcept[39;00m [38;5;167;01mOSError[39;00m [38;5;28;01mas[39;00m err: [38;5;66;03m# timeout error[39;00m

File [0;32m~/miniconda3/lib/python3.11/http/client.py:1286[0m, in [0;36mHTTPConnection.request[0;34m(self, method, url, body, headers, encode_chunked)[0m
[1;32m   1285[0m [38;5;250m[39m[38;5;124;03m"""Send a complete request to the server."""[39;00m
[0;32m-> 1286[0m [38;5;28mself[39m[38;5;241m.[39m_send_request(method, url, body, headers, encode_chunked)

File [0;32m~/miniconda3/lib/python3.11/http/client.py:1332[0m, in [0;36mHTTPConnection._send_request[0;34m(self, method, url, body, headers, encode_chunked)[0m
[1;32m   1331[0m     body [38;5;241m=[39m _encode(body, [38;5;124m'[39m[38;5;124mbody[39m[38;5;124m'[39m)
[0;32m-> 1332[0m [38;5;28mself[39m[38;5;241m.[39mendheaders(body, encode_chunked[38;5;241m=[39mencode_chunked)

File [0;32m~/miniconda3/lib/python3.11/http/client.py:1281[0m, in [0;36mHTTPConnection.endheaders[0;34m(self, message_body, encode_chunked)[0m
[1;32m   1280[0m     [38;5;28;01mraise[39;00m CannotSendHeader()
[0;32m-> 1281[0m [38;5;28mself[39m[38;5;241m.[39m_send_output(message_body, encode_chunked[38;5;241m=[39mencode_chunked)

File [0;32m~/miniconda3/lib/python3.11/http/client.py:1041[0m, in [0;36mHTTPConnection._send_output[0;34m(self, message_body, encode_chunked)[0m
[1;32m   1040[0m [38;5;28;01mdel[39;00m [38;5;28mself[39m[38;5;241m.[39m_buffer[:]
[0;32m-> 1041[0m [38;5;28mself[39m[38;5;241m.[39msend(msg)
[1;32m   1043[0m [38;5;28;01mif[39;00m message_body [38;5;129;01mis[39;00m [38;5;129;01mnot[39;00m [38;5;28;01mNone[39;00m:
[1;32m   1044[0m 
[1;32m   1045[0m     [38;5;66;03m# create a consistent interface to message_body[39;00m

File [0;32m~/miniconda3/lib/python3.11/http/client.py:979[0m, in [0;36mHTTPConnection.send[0;34m(self, data)[0m
[1;32m    978[0m [38;5;28;01mif[39;00m [38;5;28mself[39m[38;5;241m.[39mauto_open:
[0;32m--> 979[0m     [38;5;28mself[39m[38;5;241m.[39mconnect()
[1;32m    980[0m [38;5;28;01melse[39;00m:

File [0;32m~/miniconda3/lib/python3.11/http/client.py:1451[0m, in [0;36mHTTPSConnection.connect[0;34m(self)[0m
[1;32m   1449[0m [38;5;124m"[39m[38;5;124mConnect to a host on a given (SSL) port.[39m[38;5;124m"[39m
[0;32m-> 1451[0m [38;5;28msuper[39m()[38;5;241m.[39mconnect()
[1;32m   1453[0m [38;5;28;01mif[39;00m [38;5;28mself[39m[38;5;241m.[39m_tunnel_host:

File [0;32m~/miniconda3/lib/python3.11/http/client.py:945[0m, in [0;36mHTTPConnection.connect[0;34m(self)[0m
[1;32m    944[0m sys[38;5;241m.[39maudit([38;5;124m"[39m[38;5;124mhttp.client.connect[39m[38;5;124m"[39m, [38;5;28mself[39m, [38;5;28mself[39m[38;5;241m.[39mhost, [38;5;28mself[39m[38;5;241m.[39mport)
[0;32m--> 945[0m [38;5;28mself[39m[38;5;241m.[39msock [38;5;241m=[39m [38;5;28mself[39m[38;5;241m.[39m_create_connection(
[1;32m    946[0m     ([38;5;28mself[39m[38;5;241m.[39mhost,[38;5;28mself[39m[38;5;241m.[39mport), [38;5;28mself[39m[38;5;241m.[39mtimeout, [38;5;28mself[39m[38;5;241m.[39msource_address)
[1;32m    947[0m [38;5;66;03m# Might fail in OSs that don't implement TCP_NODELAY[39;00m

File [0;32m~/miniconda3/lib/python3.11/socket.py:827[0m, in [0;36mcreate_connection[0;34m(address, timeout, source_address, all_errors)[0m
[1;32m    826[0m exceptions [38;5;241m=[39m []
[0;32m--> 827[0m [38;5;28;01mfor[39;00m res [38;5;129;01min[39;00m getaddrinfo(host, port, [38;5;241m0[39m, SOCK_STREAM):
[1;32m    828[0m     af, socktype, proto, canonname, sa [38;5;241m=[39m res

File [0;32m~/miniconda3/lib/python3.11/socket.py:962[0m, in [0;36mgetaddrinfo[0;34m(host, port, family, type, proto, flags)[0m
[1;32m    961[0m addrlist [38;5;241m=[39m []
[0;32m--> 962[0m [38;5;28;01mfor[39;00m res [38;5;129;01min[39;00m _socket[38;5;241m.[39mgetaddrinfo(host, port, family, [38;5;28mtype[39m, proto, flags):
[1;32m    963[0m     af, socktype, proto, canonname, sa [38;5;241m=[39m res

[0;31mgaierror[0m: [Errno -3] Temporary failure in name resolution

During handling of the above exception, another exception occurred:

[0;31mURLError[0m                                  Traceback (most recent call last)
Cell [0;32mIn[16], line 4[0m
[1;32m      1[0m [38;5;28;01mfrom[39;00m [38;5;21;01mmeteostat[39;00m [38;5;28;01mimport[39;00m Hourly
[1;32m      3[0m [38;5;66;03m# Creamos un objeto con las condiciones climáticas[39;00m
[0;32m----> 4[0m meteo_data [38;5;241m=[39m Hourly(loc      [38;5;241m=[39m loc_meteo,   [38;5;66;03m# localización[39;00m
[1;32m      5[0m                     start    [38;5;241m=[39m start_date,  [38;5;66;03m# inicio[39;00m
[1;32m      6[0m                     end      [38;5;241m=[39m end_date,    [38;5;66;03m# término[39;00m
[1;32m      7[0m                     timezone [38;5;241m=[39m tz_uai)      [38;5;66;03m# zona horaria[39;00m
[1;32m      9[0m [38;5;66;03m# convertimos a dataframe[39;00m
[1;32m     10[0m meteo_data [38;5;241m=[39m meteo_data[38;5;241m.[39mfetch()

File [0;32m~/miniconda3/lib/python3.11/site-packages/meteostat/interface/hourly.py:146[0m, in [0;36mHourly.__init__[0;34m(self, loc, start, end, timezone, model, flags)[0m
[1;32m    143[0m [38;5;28mself[39m[38;5;241m.[39m_set_time(start, end, timezone)
[1;32m    145[0m [38;5;66;03m# Initialize time series[39;00m
[0;32m--> 146[0m [38;5;28mself[39m[38;5;241m.[39m_init_time_series(loc, start, end, model, flags)

File [0;32m~/miniconda3/lib/python3.11/site-packages/meteostat/interface/timeseries.py:156[0m, in [0;36mTimeSeries._init_time_series[0;34m(self, loc, start, end, model, flags)[0m
[1;32m    154[0m     [38;5;28mself[39m[38;5;241m.[39m_stations [38;5;241m=[39m loc[38;5;241m.[39mindex
[1;32m    155[0m [38;5;28;01melif[39;00m [38;5;28misinstance[39m(loc, Point):
[0;32m--> 156[0m     stations [38;5;241m=[39m loc[38;5;241m.[39mget_stations([38;5;124m"[39m[38;5;124mdaily[39m[38;5;124m"[39m, start, end, model)
[1;32m    157[0m     [38;5;28mself[39m[38;5;241m.[39m_stations [38;5;241m=[39m stations[38;5;241m.[39mindex
[1;32m    158[0m [38;5;28;01melse[39;00m:

File [0;32m~/miniconda3/lib/python3.11/site-packages/meteostat/interface/point.py:76[0m, in [0;36mPoint.get_stations[0;34m(self, freq, start, end, model)[0m
[1;32m     71[0m [38;5;250m[39m[38;5;124;03m"""[39;00m
[1;32m     72[0m [38;5;124;03mGet list of nearby weather stations[39;00m
[1;32m     73[0m [38;5;124;03m"""[39;00m
[1;32m     75[0m [38;5;66;03m# Get nearby weather stations[39;00m
[0;32m---> 76[0m stations [38;5;241m=[39m Stations()
[1;32m     77[0m stations [38;5;241m=[39m stations[38;5;241m.[39mnearby([38;5;28mself[39m[38;5;241m.[39m_lat, [38;5;28mself[39m[38;5;241m.[39m_lon, [38;5;28mself[39m[38;5;241m.[39mradius)
[1;32m     79[0m [38;5;66;03m# Guess altitude if not set[39;00m

File [0;32m~/miniconda3/lib/python3.11/site-packages/meteostat/interface/stations.py:107[0m, in [0;36mStations.__init__[0;34m(self)[0m
[1;32m    104[0m [38;5;28;01mdef[39;00m [38;5;21m__init__[39m([38;5;28mself[39m) [38;5;241m-[39m[38;5;241m>[39m [38;5;28;01mNone[39;00m:
[1;32m    105[0m 
[1;32m    106[0m     [38;5;66;03m# Get all weather stations[39;00m
[0;32m--> 107[0m     [38;5;28mself[39m[38;5;241m.[39m_load()

File [0;32m~/miniconda3/lib/python3.11/site-packages/meteostat/interface/stations.py:90[0m, in [0;36mStations._load[0;34m(self)[0m
[1;32m     85[0m     df [38;5;241m=[39m pd[38;5;241m.[39mread_pickle(path)
[1;32m     87[0m [38;5;28;01melse[39;00m:
[1;32m     88[0m 
[1;32m     89[0m     [38;5;66;03m# Get data from Meteostat[39;00m
[0;32m---> 90[0m     df [38;5;241m=[39m load_handler(
[1;32m     91[0m         [38;5;28mself[39m[38;5;241m.[39mendpoint, file, [38;5;28mself[39m[38;5;241m.[39m_columns, [38;5;28mself[39m[38;5;241m.[39m_types, [38;5;28mself[39m[38;5;241m.[39m_parse_dates, [38;5;28;01mTrue[39;00m
[1;32m     92[0m     )
[1;32m     94[0m     [38;5;66;03m# Add index[39;00m
[1;32m     95[0m     df [38;5;241m=[39m df[38;5;241m.[39mset_index([38;5;124m"[39m[38;5;124mid[39m[38;5;124m"[39m)

File [0;32m~/miniconda3/lib/python3.11/site-packages/meteostat/core/loader.py:82[0m, in [0;36mload_handler[0;34m(endpoint, path, columns, types, parse_dates, coerce_dates)[0m
[1;32m     75[0m [38;5;250m[39m[38;5;124;03m"""[39;00m
[1;32m     76[0m [38;5;124;03mLoad a single CSV file into a DataFrame[39;00m
[1;32m     77[0m [38;5;124;03m"""[39;00m
[1;32m     79[0m [38;5;28;01mtry[39;00m:
[1;32m     80[0m 
[1;32m     81[0m     [38;5;66;03m# Read CSV file from Meteostat endpoint[39;00m
[0;32m---> 82[0m     df [38;5;241m=[39m pd[38;5;241m.[39mread_csv(
[1;32m     83[0m         endpoint [38;5;241m+[39m path,
[1;32m     84[0m         compression[38;5;241m=[39m[38;5;124m"[39m[38;5;124mgzip[39m[38;5;124m"[39m,
[1;32m     85[0m         names[38;5;241m=[39mcolumns,
[1;32m     86[0m         dtype[38;5;241m=[39mtypes,
[1;32m     87[0m         parse_dates[38;5;241m=[39mparse_dates,
[1;32m     88[0m     )
[1;32m     90[0m     [38;5;66;03m# Force datetime conversion[39;00m
[1;32m     91[0m     [38;5;28;01mif[39;00m coerce_dates:

File [0;32m~/miniconda3/lib/python3.11/site-packages/pandas/io/parsers/readers.py:1026[0m, in [0;36mread_csv[0;34m(filepath_or_buffer, sep, delimiter, header, names, index_col, usecols, dtype, engine, converters, true_values, false_values, skipinitialspace, skiprows, skipfooter, nrows, na_values, keep_default_na, na_filter, verbose, skip_blank_lines, parse_dates, infer_datetime_format, keep_date_col, date_parser, date_format, dayfirst, cache_dates, iterator, chunksize, compression, thousands, decimal, lineterminator, quotechar, quoting, doublequote, escapechar, comment, encoding, encoding_errors, dialect, on_bad_lines, delim_whitespace, low_memory, memory_map, float_precision, storage_options, dtype_backend)[0m
[1;32m   1013[0m kwds_defaults [38;5;241m=[39m _refine_defaults_read(
[1;32m   1014[0m     dialect,
[1;32m   1015[0m     delimiter,
[0;32m   (...)[0m
[1;32m   1022[0m     dtype_backend[38;5;241m=[39mdtype_backend,
[1;32m   1023[0m )
[1;32m   1024[0m kwds[38;5;241m.[39mupdate(kwds_defaults)
[0;32m-> 1026[0m [38;5;28;01mreturn[39;00m _read(filepath_or_buffer, kwds)

File [0;32m~/miniconda3/lib/python3.11/site-packages/pandas/io/parsers/readers.py:620[0m, in [0;36m_read[0;34m(filepath_or_buffer, kwds)[0m
[1;32m    617[0m _validate_names(kwds[38;5;241m.[39mget([38;5;124m"[39m[38;5;124mnames[39m[38;5;124m"[39m, [38;5;28;01mNone[39;00m))
[1;32m    619[0m [38;5;66;03m# Create the parser.[39;00m
[0;32m--> 620[0m parser [38;5;241m=[39m TextFileReader(filepath_or_buffer, [38;5;241m*[39m[38;5;241m*[39mkwds)
[1;32m    622[0m [38;5;28;01mif[39;00m chunksize [38;5;129;01mor[39;00m iterator:
[1;32m    623[0m     [38;5;28;01mreturn[39;00m parser

File [0;32m~/miniconda3/lib/python3.11/site-packages/pandas/io/parsers/readers.py:1620[0m, in [0;36mTextFileReader.__init__[0;34m(self, f, engine, **kwds)[0m
[1;32m   1617[0m     [38;5;28mself[39m[38;5;241m.[39moptions[[38;5;124m"[39m[38;5;124mhas_index_names[39m[38;5;124m"[39m] [38;5;241m=[39m kwds[[38;5;124m"[39m[38;5;124mhas_index_names[39m[38;5;124m"[39m]
[1;32m   1619[0m [38;5;28mself[39m[38;5;241m.[39mhandles: IOHandles [38;5;241m|[39m [38;5;28;01mNone[39;00m [38;5;241m=[39m [38;5;28;01mNone[39;00m
[0;32m-> 1620[0m [38;5;28mself[39m[38;5;241m.[39m_engine [38;5;241m=[39m [38;5;28mself[39m[38;5;241m.[39m_make_engine(f, [38;5;28mself[39m[38;5;241m.[39mengine)

File [0;32m~/miniconda3/lib/python3.11/site-packages/pandas/io/parsers/readers.py:1880[0m, in [0;36mTextFileReader._make_engine[0;34m(self, f, engine)[0m
[1;32m   1878[0m     [38;5;28;01mif[39;00m [38;5;124m"[39m[38;5;124mb[39m[38;5;124m"[39m [38;5;129;01mnot[39;00m [38;5;129;01min[39;00m mode:
[1;32m   1879[0m         mode [38;5;241m+[39m[38;5;241m=[39m [38;5;124m"[39m[38;5;124mb[39m[38;5;124m"[39m
[0;32m-> 1880[0m [38;5;28mself[39m[38;5;241m.[39mhandles [38;5;241m=[39m get_handle(
[1;32m   1881[0m     f,
[1;32m   1882[0m     mode,
[1;32m   1883[0m     encoding[38;5;241m=[39m[38;5;28mself[39m[38;5;241m.[39moptions[38;5;241m.[39mget([38;5;124m"[39m[38;5;124mencoding[39m[38;5;124m"[39m, [38;5;28;01mNone[39;00m),
[1;32m   1884[0m     compression[38;5;241m=[39m[38;5;28mself[39m[38;5;241m.[39moptions[38;5;241m.[39mget([38;5;124m"[39m[38;5;124mcompression[39m[38;5;124m"[39m, [38;5;28;01mNone[39;00m),
[1;32m   1885[0m     memory_map[38;5;241m=[39m[38;5;28mself[39m[38;5;241m.[39moptions[38;5;241m.[39mget([38;5;124m"[39m[38;5;124mmemory_map[39m[38;5;124m"[39m, [38;5;28;01mFalse[39;00m),
[1;32m   1886[0m     is_text[38;5;241m=[39mis_text,
[1;32m   1887[0m     errors[38;5;241m=[39m[38;5;28mself[39m[38;5;241m.[39moptions[38;5;241m.[39mget([38;5;124m"[39m[38;5;124mencoding_errors[39m[38;5;124m"[39m, [38;5;124m"[39m[38;5;124mstrict[39m[38;5;124m"[39m),
[1;32m   1888[0m     storage_options[38;5;241m=[39m[38;5;28mself[39m[38;5;241m.[39moptions[38;5;241m.[39mget([38;5;124m"[39m[38;5;124mstorage_options[39m[38;5;124m"[39m, [38;5;28;01mNone[39;00m),
[1;32m   1889[0m )
[1;32m   1890[0m [38;5;28;01massert[39;00m [38;5;28mself[39m[38;5;241m.[39mhandles [38;5;129;01mis[39;00m [38;5;129;01mnot[39;00m [38;5;28;01mNone[39;00m
[1;32m   1891[0m f [38;5;241m=[39m [38;5;28mself[39m[38;5;241m.[39mhandles[38;5;241m.[39mhandle

File [0;32m~/miniconda3/lib/python3.11/site-packages/pandas/io/common.py:728[0m, in [0;36mget_handle[0;34m(path_or_buf, mode, encoding, compression, memory_map, is_text, errors, storage_options)[0m
[1;32m    725[0m     codecs[38;5;241m.[39mlookup_error(errors)
[1;32m    727[0m [38;5;66;03m# open URLs[39;00m
[0;32m--> 728[0m ioargs [38;5;241m=[39m _get_filepath_or_buffer(
[1;32m    729[0m     path_or_buf,
[1;32m    730[0m     encoding[38;5;241m=[39mencoding,
[1;32m    731[0m     compression[38;5;241m=[39mcompression,
[1;32m    732[0m     mode[38;5;241m=[39mmode,
[1;32m    733[0m     storage_options[38;5;241m=[39mstorage_options,
[1;32m    734[0m )
[1;32m    736[0m handle [38;5;241m=[39m ioargs[38;5;241m.[39mfilepath_or_buffer
[1;32m    737[0m handles: [38;5;28mlist[39m[BaseBuffer]

File [0;32m~/miniconda3/lib/python3.11/site-packages/pandas/io/common.py:384[0m, in [0;36m_get_filepath_or_buffer[0;34m(filepath_or_buffer, encoding, compression, mode, storage_options)[0m
[1;32m    382[0m [38;5;66;03m# assuming storage_options is to be interpreted as headers[39;00m
[1;32m    383[0m req_info [38;5;241m=[39m urllib[38;5;241m.[39mrequest[38;5;241m.[39mRequest(filepath_or_buffer, headers[38;5;241m=[39mstorage_options)
[0;32m--> 384[0m [38;5;28;01mwith[39;00m urlopen(req_info) [38;5;28;01mas[39;00m req:
[1;32m    385[0m     content_encoding [38;5;241m=[39m req[38;5;241m.[39mheaders[38;5;241m.[39mget([38;5;124m"[39m[38;5;124mContent-Encoding[39m[38;5;124m"[39m, [38;5;28;01mNone[39;00m)
[1;32m    386[0m     [38;5;28;01mif[39;00m content_encoding [38;5;241m==[39m [38;5;124m"[39m[38;5;124mgzip[39m[38;5;124m"[39m:
[1;32m    387[0m         [38;5;66;03m# Override compression based on Content-Encoding header[39;00m

File [0;32m~/miniconda3/lib/python3.11/site-packages/pandas/io/common.py:289[0m, in [0;36murlopen[0;34m(*args, **kwargs)[0m
[1;32m    283[0m [38;5;250m[39m[38;5;124;03m"""[39;00m
[1;32m    284[0m [38;5;124;03mLazy-import wrapper for stdlib urlopen, as that imports a big chunk of[39;00m
[1;32m    285[0m [38;5;124;03mthe stdlib.[39;00m
[1;32m    286[0m [38;5;124;03m"""[39;00m
[1;32m    287[0m [38;5;28;01mimport[39;00m [38;5;21;01murllib[39;00m[38;5;21;01m.[39;00m[38;5;21;01mrequest[39;00m
[0;32m--> 289[0m [38;5;28;01mreturn[39;00m urllib[38;5;241m.[39mrequest[38;5;241m.[39murlopen([38;5;241m*[39margs, [38;5;241m*[39m[38;5;241m*[39mkwargs)

File [0;32m~/miniconda3/lib/python3.11/urllib/request.py:216[0m, in [0;36murlopen[0;34m(url, data, timeout, cafile, capath, cadefault, context)[0m
[1;32m    214[0m [38;5;28;01melse[39;00m:
[1;32m    215[0m     opener [38;5;241m=[39m _opener
[0;32m--> 216[0m [38;5;28;01mreturn[39;00m opener[38;5;241m.[39mopen(url, data, timeout)

File [0;32m~/miniconda3/lib/python3.11/urllib/request.py:519[0m, in [0;36mOpenerDirector.open[0;34m(self, fullurl, data, timeout)[0m
[1;32m    516[0m     req [38;5;241m=[39m meth(req)
[1;32m    518[0m sys[38;5;241m.[39maudit([38;5;124m'[39m[38;5;124murllib.Request[39m[38;5;124m'[39m, req[38;5;241m.[39mfull_url, req[38;5;241m.[39mdata, req[38;5;241m.[39mheaders, req[38;5;241m.[39mget_method())
[0;32m--> 519[0m response [38;5;241m=[39m [38;5;28mself[39m[38;5;241m.[39m_open(req, data)
[1;32m    521[0m [38;5;66;03m# post-process response[39;00m
[1;32m    522[0m meth_name [38;5;241m=[39m protocol[38;5;241m+[39m[38;5;124m"[39m[38;5;124m_response[39m[38;5;124m"[39m

File [0;32m~/miniconda3/lib/python3.11/urllib/request.py:536[0m, in [0;36mOpenerDirector._open[0;34m(self, req, data)[0m
[1;32m    533[0m     [38;5;28;01mreturn[39;00m result
[1;32m    535[0m protocol [38;5;241m=[39m req[38;5;241m.[39mtype
[0;32m--> 536[0m result [38;5;241m=[39m [38;5;28mself[39m[38;5;241m.[39m_call_chain([38;5;28mself[39m[38;5;241m.[39mhandle_open, protocol, protocol [38;5;241m+[39m
[1;32m    537[0m                           [38;5;124m'[39m[38;5;124m_open[39m[38;5;124m'[39m, req)
[1;32m    538[0m [38;5;28;01mif[39;00m result:
[1;32m    539[0m     [38;5;28;01mreturn[39;00m result

File [0;32m~/miniconda3/lib/python3.11/urllib/request.py:496[0m, in [0;36mOpenerDirector._call_chain[0;34m(self, chain, kind, meth_name, *args)[0m
[1;32m    494[0m [38;5;28;01mfor[39;00m handler [38;5;129;01min[39;00m handlers:
[1;32m    495[0m     func [38;5;241m=[39m [38;5;28mgetattr[39m(handler, meth_name)
[0;32m--> 496[0m     result [38;5;241m=[39m func([38;5;241m*[39margs)
[1;32m    497[0m     [38;5;28;01mif[39;00m result [38;5;129;01mis[39;00m [38;5;129;01mnot[39;00m [38;5;28;01mNone[39;00m:
[1;32m    498[0m         [38;5;28;01mreturn[39;00m result

File [0;32m~/miniconda3/lib/python3.11/urllib/request.py:1391[0m, in [0;36mHTTPSHandler.https_open[0;34m(self, req)[0m
[1;32m   1390[0m [38;5;28;01mdef[39;00m [38;5;21mhttps_open[39m([38;5;28mself[39m, req):
[0;32m-> 1391[0m     [38;5;28;01mreturn[39;00m [38;5;28mself[39m[38;5;241m.[39mdo_open(http[38;5;241m.[39mclient[38;5;241m.[39mHTTPSConnection, req,
[1;32m   1392[0m         context[38;5;241m=[39m[38;5;28mself[39m[38;5;241m.[39m_context, check_hostname[38;5;241m=[39m[38;5;28mself[39m[38;5;241m.[39m_check_hostname)

File [0;32m~/miniconda3/lib/python3.11/urllib/request.py:1351[0m, in [0;36mAbstractHTTPHandler.do_open[0;34m(self, http_class, req, **http_conn_args)[0m
[1;32m   1348[0m         h[38;5;241m.[39mrequest(req[38;5;241m.[39mget_method(), req[38;5;241m.[39mselector, req[38;5;241m.[39mdata, headers,
[1;32m   1349[0m                   encode_chunked[38;5;241m=[39mreq[38;5;241m.[39mhas_header([38;5;124m'[39m[38;5;124mTransfer-encoding[39m[38;5;124m'[39m))
[1;32m   1350[0m     [38;5;28;01mexcept[39;00m [38;5;167;01mOSError[39;00m [38;5;28;01mas[39;00m err: [38;5;66;03m# timeout error[39;00m
[0;32m-> 1351[0m         [38;5;28;01mraise[39;00m URLError(err)
[1;32m   1352[0m     r [38;5;241m=[39m h[38;5;241m.[39mgetresponse()
[1;32m   1353[0m [38;5;28;01mexcept[39;00m:

[0;31mURLError[0m: <urlopen error [Errno -3] Temporary failure in name resolution>
URLError: <urlopen error [Errno -3] Temporary failure in name resolution>

